---
source: katars/tests/snaps/errors.rs
expression: "helpers::run_error(\"let x = 1 + \\\"a\\\"\")"
---
Error: cannot apply '+' to Int and Str
   ╭─[<test>:1:9]
   │
 1 │ let x = 1 + "a"
   │         ┬──┬─┬─  
   │         ╰──────── Int
   │            │ │   
   │            ╰───── cannot apply '+' to Int and Str
   │              │   
   │              ╰─── Str
───╯
